Archive member included because of file (symbol)

/usr/lib/gcc/avr/4.7.2/avrxmega2/libgcc.a(_exit.o)
                              /usr/lib/gcc/avr/4.7.2/../../../avr/lib/avrxmega2/crtx32a4.o (exit)
/usr/lib/gcc/avr/4.7.2/avrxmega2/libgcc.a(_fixunssfsi.o)
                              read_xyz.o (__fixunssfsi)
/usr/lib/gcc/avr/4.7.2/avrxmega2/libgcc.a(_addsub_sf.o)
                              /usr/lib/gcc/avr/4.7.2/avrxmega2/libgcc.a(_fixunssfsi.o) (__subsf3)
/usr/lib/gcc/avr/4.7.2/avrxmega2/libgcc.a(_mul_sf.o)
                              read_xyz.o (__mulsf3)
/usr/lib/gcc/avr/4.7.2/avrxmega2/libgcc.a(_gt_sf.o)
                              read_xyz.o (__gtsf2)
/usr/lib/gcc/avr/4.7.2/avrxmega2/libgcc.a(_ge_sf.o)
                              /usr/lib/gcc/avr/4.7.2/avrxmega2/libgcc.a(_fixunssfsi.o) (__gesf2)
/usr/lib/gcc/avr/4.7.2/avrxmega2/libgcc.a(_lt_sf.o)
                              read_xyz.o (__ltsf2)
/usr/lib/gcc/avr/4.7.2/avrxmega2/libgcc.a(_si_to_sf.o)
                              read_xyz.o (__floatsisf)
/usr/lib/gcc/avr/4.7.2/avrxmega2/libgcc.a(_sf_to_si.o)
                              /usr/lib/gcc/avr/4.7.2/avrxmega2/libgcc.a(_fixunssfsi.o) (__fixsfsi)
/usr/lib/gcc/avr/4.7.2/avrxmega2/libgcc.a(_thenan_sf.o)
                              /usr/lib/gcc/avr/4.7.2/avrxmega2/libgcc.a(_addsub_sf.o) (__thenan_sf)
/usr/lib/gcc/avr/4.7.2/avrxmega2/libgcc.a(_prologue.o)
                              /usr/lib/gcc/avr/4.7.2/avrxmega2/libgcc.a(_addsub_sf.o) (__prologue_saves__)
/usr/lib/gcc/avr/4.7.2/avrxmega2/libgcc.a(_epilogue.o)
                              /usr/lib/gcc/avr/4.7.2/avrxmega2/libgcc.a(_addsub_sf.o) (__epilogue_restores__)
/usr/lib/gcc/avr/4.7.2/avrxmega2/libgcc.a(_copy_data.o)
                              /usr/lib/gcc/avr/4.7.2/avrxmega2/libgcc.a(_thenan_sf.o) (__do_copy_data)
/usr/lib/gcc/avr/4.7.2/avrxmega2/libgcc.a(_clzsi2.o)
                              /usr/lib/gcc/avr/4.7.2/avrxmega2/libgcc.a(_si_to_sf.o) (__clzsi2)
/usr/lib/gcc/avr/4.7.2/avrxmega2/libgcc.a(_clzhi2.o)
                              /usr/lib/gcc/avr/4.7.2/avrxmega2/libgcc.a(_clzsi2.o) (__clzhi2)
/usr/lib/gcc/avr/4.7.2/avrxmega2/libgcc.a(_pack_sf.o)
                              /usr/lib/gcc/avr/4.7.2/avrxmega2/libgcc.a(_addsub_sf.o) (__pack_f)
/usr/lib/gcc/avr/4.7.2/avrxmega2/libgcc.a(_unpack_sf.o)
                              /usr/lib/gcc/avr/4.7.2/avrxmega2/libgcc.a(_addsub_sf.o) (__unpack_f)
/usr/lib/gcc/avr/4.7.2/avrxmega2/libgcc.a(_fpcmp_parts_sf.o)
                              /usr/lib/gcc/avr/4.7.2/avrxmega2/libgcc.a(_gt_sf.o) (__fpcmp_parts_f)

Memory Configuration

Name             Origin             Length             Attributes
text             0x00000000         0x00100000         xr
data             0x00802000         0x0000ffa0         rw !x
eeprom           0x00810000         0x00010000         rw !x
fuse             0x00820000         0x00000400         rw !x
lock             0x00830000         0x00000400         rw !x
signature        0x00840000         0x00000400         rw !x
*default*        0x00000000         0xffffffff

Linker script and memory map

LOAD /usr/lib/gcc/avr/4.7.2/../../../avr/lib/avrxmega2/crtx32a4.o
LOAD read_xyz.o
LOAD /usr/lib/gcc/avr/4.7.2/avrxmega2/libgcc.a
LOAD /usr/lib/gcc/avr/4.7.2/../../../avr/lib/avrxmega2/libc.a
LOAD /usr/lib/gcc/avr/4.7.2/avrxmega2/libgcc.a

.hash
 *(.hash)

.dynsym
 *(.dynsym)

.dynstr
 *(.dynstr)

.gnu.version
 *(.gnu.version)

.gnu.version_d
 *(.gnu.version_d)

.gnu.version_r
 *(.gnu.version_r)

.rel.init
 *(.rel.init)

.rela.init
 *(.rela.init)

.rel.text
 *(.rel.text)
 *(.rel.text.*)
 *(.rel.gnu.linkonce.t*)

.rela.text
 *(.rela.text)
 *(.rela.text.*)
 *(.rela.gnu.linkonce.t*)

.rel.fini
 *(.rel.fini)

.rela.fini
 *(.rela.fini)

.rel.rodata
 *(.rel.rodata)
 *(.rel.rodata.*)
 *(.rel.gnu.linkonce.r*)

.rela.rodata
 *(.rela.rodata)
 *(.rela.rodata.*)
 *(.rela.gnu.linkonce.r*)

.rel.data
 *(.rel.data)
 *(.rel.data.*)
 *(.rel.gnu.linkonce.d*)

.rela.data
 *(.rela.data)
 *(.rela.data.*)
 *(.rela.gnu.linkonce.d*)

.rel.ctors
 *(.rel.ctors)

.rela.ctors
 *(.rela.ctors)

.rel.dtors
 *(.rel.dtors)

.rela.dtors
 *(.rela.dtors)

.rel.got
 *(.rel.got)

.rela.got
 *(.rela.got)

.rel.bss
 *(.rel.bss)

.rela.bss
 *(.rela.bss)

.rel.plt
 *(.rel.plt)

.rela.plt
 *(.rela.plt)

.text           0x00000000      0xeb2
 *(.vectors)
 .vectors       0x00000000      0x178 /usr/lib/gcc/avr/4.7.2/../../../avr/lib/avrxmega2/crtx32a4.o
                0x00000000                __vectors
                0x00000000                __vector_default
 *(.vectors)
 *(.progmem.gcc*)
 *(.progmem*)
                0x00000178                . = ALIGN (0x2)
                0x00000178                __trampolines_start = .
 *(.trampolines)
 .trampolines   0x00000178        0x0 linker stubs
 *(.trampolines*)
                0x00000178                __trampolines_end = .
 *(.jumptables)
 *(.jumptables*)
 *(.lowtext)
 *(.lowtext*)
                0x00000178                __ctors_start = .
 *(.ctors)
                0x00000178                __ctors_end = .
                0x00000178                __dtors_start = .
 *(.dtors)
                0x00000178                __dtors_end = .
 SORT(*)(.ctors)
 SORT(*)(.dtors)
 *(.init0)
 .init0         0x00000178        0x0 /usr/lib/gcc/avr/4.7.2/../../../avr/lib/avrxmega2/crtx32a4.o
                0x00000178                __init
 *(.init0)
 *(.init1)
 *(.init1)
 *(.init2)
 .init2         0x00000178        0xc /usr/lib/gcc/avr/4.7.2/../../../avr/lib/avrxmega2/crtx32a4.o
 *(.init2)
 *(.init3)
 *(.init3)
 *(.init4)
 .init4         0x00000184       0x16 /usr/lib/gcc/avr/4.7.2/avrxmega2/libgcc.a(_copy_data.o)
                0x00000184                __do_copy_data
 *(.init4)
 *(.init5)
 *(.init5)
 *(.init6)
 *(.init6)
 *(.init7)
 *(.init7)
 *(.init8)
 *(.init8)
 *(.init9)
 .init9         0x0000019a        0x8 /usr/lib/gcc/avr/4.7.2/../../../avr/lib/avrxmega2/crtx32a4.o
 *(.init9)
 *(.text)
 .text          0x000001a2        0x4 /usr/lib/gcc/avr/4.7.2/../../../avr/lib/avrxmega2/crtx32a4.o
                0x000001a2                __vector_38
                0x000001a2                __vector_22
                0x000001a2                __vector_63
                0x000001a2                __vector_28
                0x000001a2                __vector_67
                0x000001a2                __vector_1
                0x000001a2                __vector_32
                0x000001a2                __vector_75
                0x000001a2                __vector_71
                0x000001a2                __vector_91
                0x000001a2                __vector_34
                0x000001a2                __vector_62
                0x000001a2                __vector_77
                0x000001a2                __vector_24
                0x000001a2                __vector_12
                0x000001a2                __vector_55
                0x000001a2                __vector_69
                0x000001a2                __vector_81
                0x000001a2                __vector_90
                0x000001a2                __vector_46
                0x000001a2                __bad_interrupt
                0x000001a2                __vector_72
                0x000001a2                __vector_6
                0x000001a2                __vector_31
                0x000001a2                __vector_92
                0x000001a2                __vector_35
                0x000001a2                __vector_78
                0x000001a2                __vector_74
                0x000001a2                __vector_39
                0x000001a2                __vector_3
                0x000001a2                __vector_23
                0x000001a2                __vector_68
                0x000001a2                __vector_30
                0x000001a2                __vector_73
                0x000001a2                __vector_45
                0x000001a2                __vector_25
                0x000001a2                __vector_93
                0x000001a2                __vector_61
                0x000001a2                __vector_11
                0x000001a2                __vector_54
                0x000001a2                __vector_13
                0x000001a2                __vector_17
                0x000001a2                __vector_19
                0x000001a2                __vector_56
                0x000001a2                __vector_7
                0x000001a2                __vector_49
                0x000001a2                __vector_41
                0x000001a2                __vector_86
                0x000001a2                __vector_64
                0x000001a2                __vector_88
                0x000001a2                __vector_43
                0x000001a2                __vector_27
                0x000001a2                __vector_5
                0x000001a2                __vector_33
                0x000001a2                __vector_76
                0x000001a2                __vector_47
                0x000001a2                __vector_52
                0x000001a2                __vector_37
                0x000001a2                __vector_89
                0x000001a2                __vector_4
                0x000001a2                __vector_44
                0x000001a2                __vector_82
                0x000001a2                __vector_51
                0x000001a2                __vector_9
                0x000001a2                __vector_2
                0x000001a2                __vector_21
                0x000001a2                __vector_15
                0x000001a2                __vector_66
                0x000001a2                __vector_36
                0x000001a2                __vector_79
                0x000001a2                __vector_58
                0x000001a2                __vector_70
                0x000001a2                __vector_83
                0x000001a2                __vector_29
                0x000001a2                __vector_60
                0x000001a2                __vector_40
                0x000001a2                __vector_85
                0x000001a2                __vector_8
                0x000001a2                __vector_26
                0x000001a2                __vector_48
                0x000001a2                __vector_80
                0x000001a2                __vector_14
                0x000001a2                __vector_84
                0x000001a2                __vector_57
                0x000001a2                __vector_53
                0x000001a2                __vector_10
                0x000001a2                __vector_50
                0x000001a2                __vector_16
                0x000001a2                __vector_59
                0x000001a2                __vector_18
                0x000001a2                __vector_20
                0x000001a2                __vector_42
                0x000001a2                __vector_87
                0x000001a2                __vector_65
 .text          0x000001a6      0x138 read_xyz.o
                0x000001a6                main
 .text          0x000002de        0x0 /usr/lib/gcc/avr/4.7.2/avrxmega2/libgcc.a(_exit.o)
 .text          0x000002de       0x5a /usr/lib/gcc/avr/4.7.2/avrxmega2/libgcc.a(_fixunssfsi.o)
                0x000002de                __fixunssfsi
 .text          0x00000338      0x370 /usr/lib/gcc/avr/4.7.2/avrxmega2/libgcc.a(_addsub_sf.o)
                0x000005f0                __addsf3
                0x00000648                __subsf3
 .text          0x000006a8      0x1ca /usr/lib/gcc/avr/4.7.2/avrxmega2/libgcc.a(_mul_sf.o)
                0x000006a8                __mulsf3
 .text          0x00000872       0x5e /usr/lib/gcc/avr/4.7.2/avrxmega2/libgcc.a(_gt_sf.o)
                0x00000872                __gtsf2
 .text          0x000008d0       0x5e /usr/lib/gcc/avr/4.7.2/avrxmega2/libgcc.a(_ge_sf.o)
                0x000008d0                __gesf2
 .text          0x0000092e       0x5e /usr/lib/gcc/avr/4.7.2/avrxmega2/libgcc.a(_lt_sf.o)
                0x0000092e                __ltsf2
 .text          0x0000098c       0xb8 /usr/lib/gcc/avr/4.7.2/avrxmega2/libgcc.a(_si_to_sf.o)
                0x0000098c                __floatsisf
 .text          0x00000a44       0x9e /usr/lib/gcc/avr/4.7.2/avrxmega2/libgcc.a(_sf_to_si.o)
                0x00000a44                __fixsfsi
 .text          0x00000ae2        0x0 /usr/lib/gcc/avr/4.7.2/avrxmega2/libgcc.a(_thenan_sf.o)
 .text          0x00000ae2        0x0 /usr/lib/gcc/avr/4.7.2/avrxmega2/libgcc.a(_prologue.o)
 .text          0x00000ae2        0x0 /usr/lib/gcc/avr/4.7.2/avrxmega2/libgcc.a(_epilogue.o)
 .text          0x00000ae2        0x0 /usr/lib/gcc/avr/4.7.2/avrxmega2/libgcc.a(_copy_data.o)
 .text          0x00000ae2        0x0 /usr/lib/gcc/avr/4.7.2/avrxmega2/libgcc.a(_clzsi2.o)
 .text          0x00000ae2        0x0 /usr/lib/gcc/avr/4.7.2/avrxmega2/libgcc.a(_clzhi2.o)
 .text          0x00000ae2      0x194 /usr/lib/gcc/avr/4.7.2/avrxmega2/libgcc.a(_pack_sf.o)
                0x00000ae2                __pack_f
 .text          0x00000c76       0xde /usr/lib/gcc/avr/4.7.2/avrxmega2/libgcc.a(_unpack_sf.o)
                0x00000c76                __unpack_f
 .text          0x00000d54       0xc2 /usr/lib/gcc/avr/4.7.2/avrxmega2/libgcc.a(_fpcmp_parts_sf.o)
                0x00000d54                __fpcmp_parts_f
                0x00000e16                . = ALIGN (0x2)
 *(.text.*)
 .text.libgcc.mul
                0x00000e16        0x0 /usr/lib/gcc/avr/4.7.2/avrxmega2/libgcc.a(_exit.o)
 .text.libgcc.div
                0x00000e16        0x0 /usr/lib/gcc/avr/4.7.2/avrxmega2/libgcc.a(_exit.o)
 .text.libgcc   0x00000e16        0x0 /usr/lib/gcc/avr/4.7.2/avrxmega2/libgcc.a(_exit.o)
 .text.libgcc.prologue
                0x00000e16        0x0 /usr/lib/gcc/avr/4.7.2/avrxmega2/libgcc.a(_exit.o)
 .text.libgcc.builtins
                0x00000e16        0x0 /usr/lib/gcc/avr/4.7.2/avrxmega2/libgcc.a(_exit.o)
 .text.libgcc.fmul
                0x00000e16        0x0 /usr/lib/gcc/avr/4.7.2/avrxmega2/libgcc.a(_exit.o)
 .text.libgcc.mul
                0x00000e16        0x0 /usr/lib/gcc/avr/4.7.2/avrxmega2/libgcc.a(_prologue.o)
 .text.libgcc.div
                0x00000e16        0x0 /usr/lib/gcc/avr/4.7.2/avrxmega2/libgcc.a(_prologue.o)
 .text.libgcc   0x00000e16        0x0 /usr/lib/gcc/avr/4.7.2/avrxmega2/libgcc.a(_prologue.o)
 .text.libgcc.prologue
                0x00000e16       0x32 /usr/lib/gcc/avr/4.7.2/avrxmega2/libgcc.a(_prologue.o)
                0x00000e16                __prologue_saves__
 .text.libgcc.builtins
                0x00000e48        0x0 /usr/lib/gcc/avr/4.7.2/avrxmega2/libgcc.a(_prologue.o)
 .text.libgcc.fmul
                0x00000e48        0x0 /usr/lib/gcc/avr/4.7.2/avrxmega2/libgcc.a(_prologue.o)
 .text.libgcc.mul
                0x00000e48        0x0 /usr/lib/gcc/avr/4.7.2/avrxmega2/libgcc.a(_epilogue.o)
 .text.libgcc.div
                0x00000e48        0x0 /usr/lib/gcc/avr/4.7.2/avrxmega2/libgcc.a(_epilogue.o)
 .text.libgcc   0x00000e48        0x0 /usr/lib/gcc/avr/4.7.2/avrxmega2/libgcc.a(_epilogue.o)
 .text.libgcc.prologue
                0x00000e48       0x30 /usr/lib/gcc/avr/4.7.2/avrxmega2/libgcc.a(_epilogue.o)
                0x00000e48                __epilogue_restores__
 .text.libgcc.builtins
                0x00000e78        0x0 /usr/lib/gcc/avr/4.7.2/avrxmega2/libgcc.a(_epilogue.o)
 .text.libgcc.fmul
                0x00000e78        0x0 /usr/lib/gcc/avr/4.7.2/avrxmega2/libgcc.a(_epilogue.o)
 .text.libgcc.mul
                0x00000e78        0x0 /usr/lib/gcc/avr/4.7.2/avrxmega2/libgcc.a(_copy_data.o)
 .text.libgcc.div
                0x00000e78        0x0 /usr/lib/gcc/avr/4.7.2/avrxmega2/libgcc.a(_copy_data.o)
 .text.libgcc   0x00000e78        0x0 /usr/lib/gcc/avr/4.7.2/avrxmega2/libgcc.a(_copy_data.o)
 .text.libgcc.prologue
                0x00000e78        0x0 /usr/lib/gcc/avr/4.7.2/avrxmega2/libgcc.a(_copy_data.o)
 .text.libgcc.builtins
                0x00000e78        0x0 /usr/lib/gcc/avr/4.7.2/avrxmega2/libgcc.a(_copy_data.o)
 .text.libgcc.fmul
                0x00000e78        0x0 /usr/lib/gcc/avr/4.7.2/avrxmega2/libgcc.a(_copy_data.o)
 .text.libgcc.mul
                0x00000e78        0x0 /usr/lib/gcc/avr/4.7.2/avrxmega2/libgcc.a(_clzsi2.o)
 .text.libgcc.div
                0x00000e78        0x0 /usr/lib/gcc/avr/4.7.2/avrxmega2/libgcc.a(_clzsi2.o)
 .text.libgcc   0x00000e78        0x0 /usr/lib/gcc/avr/4.7.2/avrxmega2/libgcc.a(_clzsi2.o)
 .text.libgcc.prologue
                0x00000e78        0x0 /usr/lib/gcc/avr/4.7.2/avrxmega2/libgcc.a(_clzsi2.o)
 .text.libgcc.builtins
                0x00000e78       0x12 /usr/lib/gcc/avr/4.7.2/avrxmega2/libgcc.a(_clzsi2.o)
                0x00000e78                __clzsi2
 .text.libgcc.fmul
                0x00000e8a        0x0 /usr/lib/gcc/avr/4.7.2/avrxmega2/libgcc.a(_clzsi2.o)
 .text.libgcc.mul
                0x00000e8a        0x0 /usr/lib/gcc/avr/4.7.2/avrxmega2/libgcc.a(_clzhi2.o)
 .text.libgcc.div
                0x00000e8a        0x0 /usr/lib/gcc/avr/4.7.2/avrxmega2/libgcc.a(_clzhi2.o)
 .text.libgcc   0x00000e8a        0x0 /usr/lib/gcc/avr/4.7.2/avrxmega2/libgcc.a(_clzhi2.o)
 .text.libgcc.prologue
                0x00000e8a        0x0 /usr/lib/gcc/avr/4.7.2/avrxmega2/libgcc.a(_clzhi2.o)
 .text.libgcc.builtins
                0x00000e8a       0x24 /usr/lib/gcc/avr/4.7.2/avrxmega2/libgcc.a(_clzhi2.o)
                0x00000e8a                __clzhi2
 .text.libgcc.fmul
                0x00000eae        0x0 /usr/lib/gcc/avr/4.7.2/avrxmega2/libgcc.a(_clzhi2.o)
                0x00000eae                . = ALIGN (0x2)
 *(.fini9)
 .fini9         0x00000eae        0x0 /usr/lib/gcc/avr/4.7.2/avrxmega2/libgcc.a(_exit.o)
                0x00000eae                exit
                0x00000eae                _exit
 *(.fini9)
 *(.fini8)
 *(.fini8)
 *(.fini7)
 *(.fini7)
 *(.fini6)
 *(.fini6)
 *(.fini5)
 *(.fini5)
 *(.fini4)
 *(.fini4)
 *(.fini3)
 *(.fini3)
 *(.fini2)
 *(.fini2)
 *(.fini1)
 *(.fini1)
 *(.fini0)
 .fini0         0x00000eae        0x4 /usr/lib/gcc/avr/4.7.2/avrxmega2/libgcc.a(_exit.o)
 *(.fini0)
                0x00000eb2                _etext = .

.data           0x00802000        0x8 load address 0x00000eb2
                0x00802000                PROVIDE (__data_start, .)
 *(.data)
 .data          0x00802000        0x0 /usr/lib/gcc/avr/4.7.2/../../../avr/lib/avrxmega2/crtx32a4.o
 .data          0x00802000        0x0 read_xyz.o
 .data          0x00802000        0x0 /usr/lib/gcc/avr/4.7.2/avrxmega2/libgcc.a(_exit.o)
 .data          0x00802000        0x0 /usr/lib/gcc/avr/4.7.2/avrxmega2/libgcc.a(_fixunssfsi.o)
 .data          0x00802000        0x0 /usr/lib/gcc/avr/4.7.2/avrxmega2/libgcc.a(_addsub_sf.o)
 .data          0x00802000        0x0 /usr/lib/gcc/avr/4.7.2/avrxmega2/libgcc.a(_mul_sf.o)
 .data          0x00802000        0x0 /usr/lib/gcc/avr/4.7.2/avrxmega2/libgcc.a(_gt_sf.o)
 .data          0x00802000        0x0 /usr/lib/gcc/avr/4.7.2/avrxmega2/libgcc.a(_ge_sf.o)
 .data          0x00802000        0x0 /usr/lib/gcc/avr/4.7.2/avrxmega2/libgcc.a(_lt_sf.o)
 .data          0x00802000        0x0 /usr/lib/gcc/avr/4.7.2/avrxmega2/libgcc.a(_si_to_sf.o)
 .data          0x00802000        0x0 /usr/lib/gcc/avr/4.7.2/avrxmega2/libgcc.a(_sf_to_si.o)
 .data          0x00802000        0x0 /usr/lib/gcc/avr/4.7.2/avrxmega2/libgcc.a(_thenan_sf.o)
 .data          0x00802000        0x0 /usr/lib/gcc/avr/4.7.2/avrxmega2/libgcc.a(_prologue.o)
 .data          0x00802000        0x0 /usr/lib/gcc/avr/4.7.2/avrxmega2/libgcc.a(_epilogue.o)
 .data          0x00802000        0x0 /usr/lib/gcc/avr/4.7.2/avrxmega2/libgcc.a(_copy_data.o)
 .data          0x00802000        0x0 /usr/lib/gcc/avr/4.7.2/avrxmega2/libgcc.a(_clzsi2.o)
 .data          0x00802000        0x0 /usr/lib/gcc/avr/4.7.2/avrxmega2/libgcc.a(_clzhi2.o)
 .data          0x00802000        0x0 /usr/lib/gcc/avr/4.7.2/avrxmega2/libgcc.a(_pack_sf.o)
 .data          0x00802000        0x0 /usr/lib/gcc/avr/4.7.2/avrxmega2/libgcc.a(_unpack_sf.o)
 .data          0x00802000        0x0 /usr/lib/gcc/avr/4.7.2/avrxmega2/libgcc.a(_fpcmp_parts_sf.o)
 *(.data*)
 *(.rodata)
 .rodata        0x00802000        0x8 /usr/lib/gcc/avr/4.7.2/avrxmega2/libgcc.a(_thenan_sf.o)
                0x00802000                __thenan_sf
 *(.rodata*)
 *(.gnu.linkonce.d*)
                0x00802008                . = ALIGN (0x2)
                0x00802008                _edata = .
                0x00802008                PROVIDE (__data_end, .)

.bss            0x00802008        0x0
                0x00802008                PROVIDE (__bss_start, .)
 *(.bss)
 .bss           0x00802008        0x0 /usr/lib/gcc/avr/4.7.2/../../../avr/lib/avrxmega2/crtx32a4.o
 .bss           0x00802008        0x0 read_xyz.o
 .bss           0x00802008        0x0 /usr/lib/gcc/avr/4.7.2/avrxmega2/libgcc.a(_exit.o)
 .bss           0x00802008        0x0 /usr/lib/gcc/avr/4.7.2/avrxmega2/libgcc.a(_fixunssfsi.o)
 .bss           0x00802008        0x0 /usr/lib/gcc/avr/4.7.2/avrxmega2/libgcc.a(_addsub_sf.o)
 .bss           0x00802008        0x0 /usr/lib/gcc/avr/4.7.2/avrxmega2/libgcc.a(_mul_sf.o)
 .bss           0x00802008        0x0 /usr/lib/gcc/avr/4.7.2/avrxmega2/libgcc.a(_gt_sf.o)
 .bss           0x00802008        0x0 /usr/lib/gcc/avr/4.7.2/avrxmega2/libgcc.a(_ge_sf.o)
 .bss           0x00802008        0x0 /usr/lib/gcc/avr/4.7.2/avrxmega2/libgcc.a(_lt_sf.o)
 .bss           0x00802008        0x0 /usr/lib/gcc/avr/4.7.2/avrxmega2/libgcc.a(_si_to_sf.o)
 .bss           0x00802008        0x0 /usr/lib/gcc/avr/4.7.2/avrxmega2/libgcc.a(_sf_to_si.o)
 .bss           0x00802008        0x0 /usr/lib/gcc/avr/4.7.2/avrxmega2/libgcc.a(_thenan_sf.o)
 .bss           0x00802008        0x0 /usr/lib/gcc/avr/4.7.2/avrxmega2/libgcc.a(_prologue.o)
 .bss           0x00802008        0x0 /usr/lib/gcc/avr/4.7.2/avrxmega2/libgcc.a(_epilogue.o)
 .bss           0x00802008        0x0 /usr/lib/gcc/avr/4.7.2/avrxmega2/libgcc.a(_copy_data.o)
 .bss           0x00802008        0x0 /usr/lib/gcc/avr/4.7.2/avrxmega2/libgcc.a(_clzsi2.o)
 .bss           0x00802008        0x0 /usr/lib/gcc/avr/4.7.2/avrxmega2/libgcc.a(_clzhi2.o)
 .bss           0x00802008        0x0 /usr/lib/gcc/avr/4.7.2/avrxmega2/libgcc.a(_pack_sf.o)
 .bss           0x00802008        0x0 /usr/lib/gcc/avr/4.7.2/avrxmega2/libgcc.a(_unpack_sf.o)
 .bss           0x00802008        0x0 /usr/lib/gcc/avr/4.7.2/avrxmega2/libgcc.a(_fpcmp_parts_sf.o)
 *(.bss*)
 *(COMMON)
                0x00802008                PROVIDE (__bss_end, .)
                0x00000eb2                __data_load_start = LOADADDR (.data)
                0x00000eba                __data_load_end = (__data_load_start + SIZEOF (.data))

.noinit         0x00802008        0x0
                0x00802008                PROVIDE (__noinit_start, .)
 *(.noinit*)
                0x00802008                PROVIDE (__noinit_end, .)
                0x00802008                _end = .
                0x00802008                PROVIDE (__heap_start, .)

.eeprom         0x00810000        0x0
 *(.eeprom*)
                0x00810000                __eeprom_end = .

.fuse
 *(.fuse)
 *(.lfuse)
 *(.hfuse)
 *(.efuse)

.lock
 *(.lock*)

.signature
 *(.signature*)

.stab           0x00000000      0x6cc
 *(.stab)
 .stab          0x00000000      0x6cc /usr/lib/gcc/avr/4.7.2/../../../avr/lib/avrxmega2/crtx32a4.o

.stabstr        0x00000000       0x54
 *(.stabstr)
 .stabstr       0x00000000       0x54 /usr/lib/gcc/avr/4.7.2/../../../avr/lib/avrxmega2/crtx32a4.o

.stab.excl
 *(.stab.excl)

.stab.exclstr
 *(.stab.exclstr)

.stab.index
 *(.stab.index)

.stab.indexstr
 *(.stab.indexstr)

.comment        0x00000000       0x11
 *(.comment)
 .comment       0x00000000       0x11 read_xyz.o
                                 0x12 (size before relaxing)
 .comment       0x00000000       0x12 /usr/lib/gcc/avr/4.7.2/avrxmega2/libgcc.a(_fixunssfsi.o)
 .comment       0x00000000       0x12 /usr/lib/gcc/avr/4.7.2/avrxmega2/libgcc.a(_addsub_sf.o)
 .comment       0x00000000       0x12 /usr/lib/gcc/avr/4.7.2/avrxmega2/libgcc.a(_mul_sf.o)
 .comment       0x00000000       0x12 /usr/lib/gcc/avr/4.7.2/avrxmega2/libgcc.a(_gt_sf.o)
 .comment       0x00000000       0x12 /usr/lib/gcc/avr/4.7.2/avrxmega2/libgcc.a(_ge_sf.o)
 .comment       0x00000000       0x12 /usr/lib/gcc/avr/4.7.2/avrxmega2/libgcc.a(_lt_sf.o)
 .comment       0x00000000       0x12 /usr/lib/gcc/avr/4.7.2/avrxmega2/libgcc.a(_si_to_sf.o)
 .comment       0x00000000       0x12 /usr/lib/gcc/avr/4.7.2/avrxmega2/libgcc.a(_sf_to_si.o)
 .comment       0x00000000       0x12 /usr/lib/gcc/avr/4.7.2/avrxmega2/libgcc.a(_thenan_sf.o)
 .comment       0x00000000       0x12 /usr/lib/gcc/avr/4.7.2/avrxmega2/libgcc.a(_pack_sf.o)
 .comment       0x00000000       0x12 /usr/lib/gcc/avr/4.7.2/avrxmega2/libgcc.a(_unpack_sf.o)
 .comment       0x00000000       0x12 /usr/lib/gcc/avr/4.7.2/avrxmega2/libgcc.a(_fpcmp_parts_sf.o)

.debug
 *(.debug)

.line
 *(.line)

.debug_srcinfo
 *(.debug_srcinfo)

.debug_sfnames
 *(.debug_sfnames)

.debug_aranges  0x00000000       0x20
 *(.debug_aranges)
 .debug_aranges
                0x00000000       0x20 read_xyz.o

.debug_pubnames
 *(.debug_pubnames)

.debug_info     0x00000000      0x2e3
 *(.debug_info)
 .debug_info    0x00000000      0x2e3 read_xyz.o
 *(.gnu.linkonce.wi.*)

.debug_abbrev   0x00000000       0xf8
 *(.debug_abbrev)
 .debug_abbrev  0x00000000       0xf8 read_xyz.o

.debug_line     0x00000000      0x13e
 *(.debug_line)
 .debug_line    0x00000000      0x13e read_xyz.o

.debug_frame    0x00000000       0x40
 *(.debug_frame)
 .debug_frame   0x00000000       0x40 read_xyz.o

.debug_str      0x00000000      0x1bc
 *(.debug_str)
 .debug_str     0x00000000      0x1bc read_xyz.o
                                0x1f5 (size before relaxing)

.debug_loc      0x00000000       0x61
 *(.debug_loc)
 .debug_loc     0x00000000       0x61 read_xyz.o

.debug_macinfo
 *(.debug_macinfo)
OUTPUT(read_xyz.elf elf32-avr)
LOAD linker stubs
